% Robot 3 Ida (PCB version 6.3, SVN version 47, battery 11.6 V)
% Basebot log for Ida
% Sample time 10000 us, Gear 9.60, Wheels 0.03 m, PPR 48
% maximum log samples 3225 each sized 124 bytes
% 1 time (sec)
% 2 state
% 3   Desired value
% 4-5 motor voltage (left,right) (V)
% 6-7 Encoder count (left, right)
% 8-9 motor vel (left, right) (rad/s)
% 10  Battery voltage (V)
% 11-14 pose (x,y,theta,distA) (m,m,rad,m)
0.0000 10 0.00 0.00 0.00 0 0 0.00 0.00 11.61 0.0443
0.0100 10 0.00 0.00 0.00 0 0 0.00 0.00 11.62 -28314086.0000
0.0200 10 0.00 0.00 0.00 0 0 0.00 0.00 11.61 0.0620
0.0300 11 1.50 1.50 1.50 0 0 0.00 0.00 11.62 -0.0000
0.0400 11 1.50 1.50 1.50 1 1 0.00 0.00 11.62 ovf
0.0500 11 1.50 1.50 1.50 2 3 0.00 0.00 11.58 -371.3384
0.0600 11 1.50 1.50 1.50 4 6 12.10 25.87 11.60 ovf
0.0700 11 1.50 1.50 1.50 7 9 23.57 39.12 11.59 ovf
0.0800 11 1.50 1.50 1.50 12 11 51.33 37.55 11.59 ovf
0.0900 11 1.50 1.50 1.50 16 14 58.83 31.40 11.60 -0.0000
0.1000 11 1.50 1.50 1.50 21 16 62.26 31.64 11.60 -9.3057
0.1100 11 1.50 1.50 1.50 26 19 64.33 33.51 11.59 ovf
0.1200 11 1.50 1.50 1.50 31 20 66.31 29.14 11.60 ovf
0.1300 11 1.50 1.50 1.50 37 23 69.53 28.68 11.60 -0.0000
0.1400 11 1.50 1.50 1.50 42 26 71.34 32.59 11.59 ovf
0.1500 11 1.50 1.50 1.50 47 28 70.96 28.87 11.59 ovf
0.1600 11 1.50 1.50 1.50 53 30 70.29 27.89 11.60 ovf
0.1700 11 1.50 1.50 1.50 59 33 72.42 33.03 11.60 0.0000
0.1800 11 1.50 1.50 1.50 64 35 77.04 35.41 11.59 ovf
0.1900 11 1.50 1.50 1.50 70 38 75.15 34.16 11.60 0.0238
0.2000 11 1.50 1.50 1.50 75 41 71.97 38.78 11.59 0.0000
0.2100 11 1.50 1.50 1.50 81 44 69.57 41.65 11.60 0.0000
0.2200 11 1.50 1.50 1.50 87 48 73.75 42.67 11.60 0.0000
0.2300 11 1.50 1.50 1.50 92 51 74.04 46.20 11.60 0.0000
0.2400 11 1.50 1.50 1.50 97 55 68.19 45.58 11.61 0.0000
0.2500 11 1.50 1.50 1.50 102 59 67.54 52.09 11.60 0.0000
0.2600 11 1.50 1.50 1.50 108 64 71.59 55.41 11.60 0.0000
0.2700 11 1.50 1.50 1.50 114 68 75.64 60.49 11.59 0.0000
0.2800 11 1.50 1.50 1.50 119 73 72.80 63.27 11.60 0.0000
0.2900 11 1.50 1.50 1.50 124 79 70.45 68.76 11.60 0.0000
0.3000 11 1.50 1.50 1.50 130 84 68.38 73.17 11.60 0.0000
0.3100 11 1.50 1.50 1.50 136 91 73.31 77.86 11.61 0.0000
0.3200 11 1.50 1.50 1.50 141 97 73.25 82.52 11.60 0.0000
0.3300 11 1.50 1.50 1.50 146 103 69.31 84.20 11.60 0.0000
0.3400 11 1.50 1.50 1.50 152 110 67.82 87.88 11.60 0.0000
0.3500 11 1.50 1.50 1.50 157 117 72.66 87.81 11.60 0.0000
0.3600 11 1.50 1.50 1.50 163 124 74.54 89.82 11.60 0.0000
0.3700 11 1.50 1.50 1.50 168 130 71.56 88.95 11.60 0.0000
0.3800 11 1.50 1.50 1.50 173 137 70.19 88.42 11.60 0.0000
0.3900 11 1.50 1.50 1.50 179 144 70.49 88.71 11.59 0.0000
0.4000 11 1.50 1.50 1.50 185 151 75.32 88.77 11.59 0.0000
0.4100 11 1.50 1.50 1.50 190 158 73.02 94.34 11.60 0.0000
0.4200 11 1.50 1.50 1.50 196 165 70.93 92.28 11.60 0.0000
0.4300 11 1.50 1.50 1.50 201 172 71.08 93.46 11.60 0.0000
0.4400 11 1.50 1.50 1.50 207 179 76.80 94.43 11.62 0.0000
0.4500 11 1.50 1.50 1.50 213 186 76.46 90.39 11.61 0.0000
0.4600 11 1.50 1.50 1.50 218 193 72.83 93.18 11.60 0.0000
0.4700 11 1.50 1.50 1.50 224 200 69.43 88.99 11.61 0.0000
0.4800 11 1.50 1.50 1.50 229 207 73.30 89.79 11.60 0.0000
0.4900 11 1.50 1.50 1.50 235 214 74.87 88.78 11.61 0.0000
0.5000 11 1.50 1.50 1.50 240 221 69.63 92.11 11.60 0.0000
0.5100 11 1.50 1.50 1.50 245 228 68.90 90.40 11.60 0.0000
0.5200 12 3.00 3.00 3.00 251 234 72.71 86.67 11.60 0.0000
0.5300 12 3.00 3.00 3.00 259 243 87.74 102.63 11.60 0.0000
0.5400 12 3.00 3.00 3.00 268 255 121.83 152.88 11.54 0.0000
0.5500 12 3.00 3.00 3.00 280 270 147.20 187.89 11.56 0.0000
0.5600 12 3.00 3.00 3.00 293 286 171.90 209.84 11.56 0.0000
0.5700 12 3.00 3.00 3.00 308 304 188.39 228.55 11.57 0.0000
0.5800 12 3.00 3.00 3.00 324 322 203.03 237.72 11.57 0.0000
0.5900 12 3.00 3.00 3.00 340 340 210.94 245.27 11.59 0.0000
0.6000 12 3.00 3.00 3.00 356 360 212.34 249.50 11.58 0.0000
0.6100 12 3.00 3.00 3.00 373 379 218.09 252.05 11.58 0.0000
0.6200 12 3.00 3.00 3.00 390 399 222.56 257.32 11.58 0.0000
0.6300 12 3.00 3.00 3.00 407 418 226.87 258.81 11.58 0.0000
0.6400 12 3.00 3.00 3.00 425 438 229.40 259.75 11.59 0.0000
0.6500 12 3.00 3.00 3.00 442 458 228.61 263.16 11.57 0.0000
0.6600 12 3.00 3.00 3.00 460 479 232.61 264.49 11.58 0.0000
0.6700 12 3.00 3.00 3.00 478 499 235.23 268.87 11.58 0.0000
0.6800 12 3.00 3.00 3.00 496 520 236.04 267.08 11.58 0.0000
0.6900 12 3.00 3.00 3.00 514 540 238.39 268.23 11.57 0.0000
0.7000 12 3.00 3.00 3.00 532 560 239.31 267.34 11.57 0.0000
0.7100 12 3.00 3.00 3.00 551 581 238.23 268.41 11.57 0.0000
0.7200 12 3.00 3.00 3.00 569 602 239.52 270.42 11.57 0.0000
0.7300 12 3.00 3.00 3.00 587 622 239.64 269.27 11.57 0.0000
0.7400 12 3.00 3.00 3.00 606 643 242.22 272.04 11.58 0.0000
0.7500 12 3.00 3.00 3.00 624 664 243.19 270.08 11.57 0.0000
0.7600 12 3.00 3.00 3.00 643 685 241.54 273.93 11.56 0.0000
0.7700 12 3.00 3.00 3.00 661 705 240.39 271.78 11.57 0.0000
0.7800 12 3.00 3.00 3.00 680 726 241.89 272.58 11.57 0.0000
0.7900 12 3.00 3.00 3.00 698 747 243.96 273.09 11.57 0.0000
0.8000 12 3.00 3.00 3.00 717 768 244.51 272.38 11.57 0.0000
0.8100 12 3.00 3.00 3.00 736 789 243.64 273.74 11.57 0.0000
0.8200 12 3.00 3.00 3.00 754 810 243.96 271.64 11.57 0.0000
0.8300 12 3.00 3.00 3.00 772 831 239.54 274.67 11.57 0.0000
0.8400 12 3.00 3.00 3.00 791 851 241.81 273.20 11.57 0.0000
0.8500 12 3.00 3.00 3.00 810 872 245.44 273.62 11.58 0.0000
0.8600 12 3.00 3.00 3.00 828 894 244.25 276.84 11.57 0.0000
0.8700 12 3.00 3.00 3.00 847 914 245.17 272.25 11.57 0.0000
0.8800 12 3.00 3.00 3.00 866 935 242.42 273.69 11.57 0.0000
0.8900 12 3.00 3.00 3.00 884 956 242.25 273.08 11.58 0.0000
0.9000 12 3.00 3.00 3.00 903 977 244.14 275.26 11.57 0.0000
0.9100 12 3.00 3.00 3.00 921 998 244.14 273.50 11.57 0.0000
0.9200 12 3.00 3.00 3.00 940 1019 244.66 272.29 11.57 0.0000
0.9300 12 3.00 3.00 3.00 959 1040 245.11 274.30 11.57 0.0000
0.9400 12 3.00 3.00 3.00 978 1061 244.81 275.34 11.57 0.0000
0.9500 12 3.00 3.00 3.00 996 1082 243.45 277.24 11.57 0.0000
0.9600 12 3.00 3.00 3.00 1015 1103 242.97 275.60 11.56 0.0000
0.9700 12 3.00 3.00 3.00 1033 1124 243.63 275.55 11.60 0.0000
0.9800 12 3.00 3.00 3.00 1052 1145 244.53 273.43 11.57 0.0000
0.9900 12 3.00 3.00 3.00 1071 1166 243.90 275.88 11.58 0.0000
1.0000 12 3.00 3.00 3.00 1089 1187 245.02 273.05 11.58 0.0000
1.0100 12 3.00 3.00 3.00 1108 1208 245.49 274.06 11.57 0.0000
1.0200 12 3.00 3.00 3.00 1127 1229 244.80 277.45 11.57 0.0000
1.0300 100 6.00 6.00 6.00 1146 1250 246.14 275.41 11.58 0.0000
1.0400 100 6.00 6.00 6.00 1167 1274 270.64 308.14 11.58 0.0000
1.0500 100 6.00 6.00 6.00 1193 1304 345.59 382.07 11.39 0.0000
1.0600 100 6.00 6.00 6.00 1224 1338 394.34 450.16 11.43 0.0000
1.0700 100 6.00 6.00 6.00 1258 1376 440.28 500.64 11.44 0.0000
1.0800 100 6.00 6.00 6.00 1293 1418 468.42 536.44 11.48 0.0000
1.0900 100 6.00 6.00 6.00 1331 1461 488.52 561.27 11.49 0.0000
1.1000 100 6.00 6.00 6.00 1370 1505 508.69 580.07 11.50 0.0000
1.1100 100 6.00 6.00 6.00 1409 1550 516.32 589.81 11.51 0.0000
1.1200 100 6.00 6.00 6.00 1450 1596 533.50 601.06 11.51 0.0000
1.1300 100 6.00 6.00 6.00 1492 1643 545.56 609.37 11.52 0.0000
1.1400 100 6.00 6.00 6.00 1534 1690 554.04 617.29 11.52 0.0000
1.1500 100 6.00 6.00 6.00 1577 1737 554.98 621.61 11.50 0.0000
1.1600 100 6.00 6.00 6.00 1620 1785 562.50 625.52 11.51 0.0000
1.1700 100 6.00 6.00 6.00 1663 1834 569.82 631.61 11.53 0.0000
1.1800 100 6.00 6.00 6.00 1707 1882 575.24 636.11 11.52 0.0000
1.1900 100 6.00 6.00 6.00 1751 1931 575.58 640.37 11.52 0.0000
1.2000 100 6.00 6.00 6.00 1795 1980 574.88 640.03 11.54 0.0000
1.2100 100 6.00 6.00 6.00 1839 2029 582.14 643.26 11.52 0.0000
1.2200 100 6.00 6.00 6.00 1884 2078 585.74 645.85 11.53 0.0000
1.2300 100 6.00 6.00 6.00 1929 2128 587.67 646.41 11.52 0.0000
1.2400 100 6.00 6.00 6.00 1974 2177 587.43 643.04 11.52 0.0000
1.2500 100 6.00 6.00 6.00 2019 2226 585.22 646.47 11.53 0.0000
1.2600 100 6.00 6.00 6.00 2064 2276 588.10 651.53 11.52 0.0000
1.2700 100 6.00 6.00 6.00 2109 2326 591.80 650.09 11.53 0.0000
1.2800 100 6.00 6.00 6.00 2154 2375 592.47 645.81 11.53 0.0000
1.2900 100 6.00 6.00 6.00 2199 2425 586.00 650.75 11.53 0.0000
1.3000 100 6.00 6.00 6.00 2244 2475 588.20 654.26 11.52 0.0000
1.3100 100 6.00 6.00 6.00 2289 2524 591.70 648.66 11.53 0.0000
1.3200 100 6.00 6.00 6.00 2334 2574 592.75 647.12 11.53 0.0000
1.3300 100 6.00 6.00 6.00 2380 2623 592.43 650.31 11.52 0.0000
1.3400 100 6.00 6.00 6.00 2425 2673 589.15 653.83 11.53 0.0000
1.3500 100 6.00 6.00 6.00 2470 2723 590.05 649.46 11.53 0.0000
1.3600 100 6.00 6.00 6.00 2515 2772 592.41 647.02 11.53 0.0000
1.3700 100 6.00 6.00 6.00 2560 2822 593.95 653.04 11.53 0.0000
1.3800 100 6.00 6.00 6.00 2606 2872 592.63 654.76 11.52 0.0000
1.3900 100 6.00 6.00 6.00 2651 2922 591.78 648.87 11.52 0.0000
1.4000 100 6.00 6.00 6.00 2696 2972 593.20 648.75 11.53 0.0000
1.4100 100 6.00 6.00 6.00 2742 3021 594.89 653.12 11.53 0.0000
1.4200 100 6.00 6.00 6.00 2787 3072 596.10 655.64 11.53 0.0000
1.4300 100 6.00 6.00 6.00 2833 3121 595.97 646.65 11.52 0.0000
1.4400 100 6.00 6.00 6.00 2878 3171 596.97 649.73 11.52 0.0000
1.4500 100 6.00 6.00 6.00 2924 3220 595.84 656.29 11.53 0.0000
1.4600 100 6.00 6.00 6.00 2969 3270 594.17 650.82 11.53 0.0000
1.4700 100 6.00 6.00 6.00 3015 3320 594.65 648.15 11.53 0.0000
1.4800 100 6.00 6.00 6.00 3060 3370 595.39 651.99 11.53 0.0000
1.4900 100 6.00 6.00 6.00 3106 3420 596.14 655.96 11.52 0.0000
1.5000 100 6.00 6.00 6.00 3151 3470 596.33 656.09 11.53 0.0000
1.5100 100 6.00 6.00 6.00 3197 3520 597.30 649.88 11.53 0.0000
1.5200 100 6.00 6.00 6.00 3242 3569 597.74 652.06 11.52 0.0000
1.5300 100 6.00 6.00 6.00 3288 3619 595.19 654.69 11.53 0.0000
1.5400 2 0.00 0.00 0.00 3333 3670 592.82 657.11 11.53 0.0000
1.5500 2 0.00 0.00 0.00 3376 3716 557.90 610.80 11.54 0.0000
1.5600 2 0.00 0.00 0.00 3411 3755 469.02 509.24 11.58 0.0000
1.5700 2 0.00 0.00 0.00 3440 3786 386.64 417.57 11.56 0.0000
1.5800 2 0.00 0.00 0.00 3464 3812 317.89 342.17 11.57 0.0000
1.5900 2 0.00 0.00 0.00 3483 3832 260.38 272.06 11.58 0.0000
1.6000 2 0.00 0.00 0.00 3499 3848 214.60 219.82 11.57 0.0000
1.6100 2 0.00 0.00 0.00 3512 3861 174.39 177.31 11.57 0.0000
1.6200 2 0.00 0.00 0.00 3523 3872 146.22 139.04 11.57 0.0000
1.6300 2 0.00 0.00 0.00 3532 3879 125.27 108.41 11.57 -0.0000
1.6400 2 0.00 0.00 0.00 3540 3886 104.46 86.90 11.57 -0.0000
1.6500 2 0.00 0.00 0.00 3546 3891 89.42 69.74 11.58 ovf
1.6600 2 0.00 0.00 0.00 3552 3894 75.58 53.27 11.57 -0.0000
1.6700 2 0.00 0.00 0.00 3556 3897 66.54 42.45 11.57 0.0000
1.6800 2 0.00 0.00 0.00 3560 3899 56.22 35.48 11.57 -0.0000
1.6900 2 0.00 0.00 0.00 3564 3900 48.77 25.91 11.57 ovf
1.7000 2 0.00 0.00 0.00 3566 3901 40.08 17.44 11.57 ovf
1.7100 2 0.00 0.00 0.00 3569 3902 33.98 14.52 11.58 -0.0000
1.7200 2 0.00 0.00 0.00 3570 3903 29.14 12.83 11.58 0.0000
1.7300 2 0.00 0.00 0.00 3571 3904 24.64 12.35 11.59 ovf
1.7400 2 0.00 0.00 0.00 3571 3904 14.79 12.35 11.58 ovf
1.7500 2 0.00 0.00 0.00 3571 3904 11.53 10.26 11.58 ovf
1.7600 2 0.00 0.00 0.00 3571 3904 9.45 8.58 11.58 49069.7148
1.7700 2 0.00 0.00 0.00 3571 3904 8.01 7.37 11.58 -0.0000
1.7800 2 0.00 0.00 0.00 3571 3904 6.94 6.46 11.59 ovf
1.7900 2 0.00 0.00 0.00 3571 3904 6.13 5.75 11.57 -0.0000
1.8000 2 0.00 0.00 0.00 3571 3904 5.49 5.18 11.58 ovf
1.8100 2 0.00 0.00 0.00 3571 3904 4.97 4.72 11.58 ovf
1.8200 2 0.00 0.00 0.00 3571 3904 4.54 4.33 11.58 ovf
1.8300 2 0.00 0.00 0.00 3571 3904 4.18 4.00 11.58 -0.0000
1.8400 2 0.00 0.00 0.00 3571 3904 3.87 3.71 11.58 -0.0000
% sent 185 log lines
% Basebot log for Ida
% Sample time 10000 us, Gear 9.60, Wheels 0.03 m, PPR 48
% maximum log samples 3225 each sized 124 bytes
% 1 time (sec)
% 2 state
% 3   Desired value
% 4-5 motor voltage (left,right) (V)
% 6-7 Encoder count (left, right)
% 8-9 motor vel (left, right) (rad/s)
% 10  Battery voltage (V)
% 11-14 pose (x,y,theta,distA) (m,m,rad,m)
0.0000 10 0.00 0.00 0.00 0 0 0.00 0.00 11.60 0.0443
0.0100 10 0.00 0.00 0.00 0 0 0.00 0.00 11.61 -28314086.0000
0.0200 10 0.00 0.00 0.00 0 0 0.00 0.00 11.60 0.0620
0.0300 11 1.50 1.50 1.50 0 0 0.00 0.00 11.59 -0.0000
0.0400 11 1.50 1.50 1.50 1 0 0.00 0.00 11.61 ovf
0.0500 11 1.50 1.50 1.50 3 3 0.00 0.00 11.58 -371.3384
0.0600 11 1.50 1.50 1.50 5 8 13.13 36.73 11.59 ovf
0.0700 11 1.50 1.50 1.50 8 14 35.21 69.46 11.58 ovf
0.0800 11 1.50 1.50 1.50 12 20 41.01 78.94 11.59 ovf
0.0900 11 1.50 1.50 1.50 16 27 51.50 89.26 11.60 -0.0000
0.1000 11 1.50 1.50 1.50 20 34 57.82 96.71 11.59 -9.3057
0.1100 11 1.50 1.50 1.50 25 42 64.19 98.86 11.58 ovf
0.1200 11 1.50 1.50 1.50 31 50 66.11 101.15 11.59 ovf
0.1300 11 1.50 1.50 1.50 36 57 70.46 98.45 11.59 -0.0000
0.1400 11 1.50 1.50 1.50 42 64 73.14 99.17 11.59 ovf
0.1500 11 1.50 1.50 1.50 48 72 76.43 94.27 11.60 ovf
0.1600 11 1.50 1.50 1.50 53 79 76.95 96.66 11.60 ovf
0.1700 11 1.50 1.50 1.50 59 87 74.44 100.46 11.59 0.0000
0.1800 11 1.50 1.50 1.50 65 95 72.97 101.97 11.59 ovf
0.1900 11 1.50 1.50 1.50 71 102 76.10 96.21 11.60 0.0238
0.2000 11 1.50 1.50 1.50 76 109 74.67 94.80 11.59 0.0000
0.2100 11 1.50 1.50 1.50 82 116 74.29 94.23 11.60 0.0000
0.2200 11 1.50 1.50 1.50 88 123 74.54 91.74 11.60 0.0000
0.2300 11 1.50 1.50 1.50 94 131 77.57 97.13 11.59 0.0000
0.2400 11 1.50 1.50 1.50 100 139 80.04 98.91 11.59 0.0000
0.2500 11 1.50 1.50 1.50 105 146 77.31 98.96 11.60 0.0000
0.2600 11 1.50 1.50 1.50 111 153 71.73 94.28 11.60 0.0000
0.2700 11 1.50 1.50 1.50 117 160 75.92 94.72 11.59 0.0000
0.2800 11 1.50 1.50 1.50 123 167 77.14 90.23 11.60 0.0000
0.2900 11 1.50 1.50 1.50 128 175 74.30 92.40 11.59 0.0000
0.3000 11 1.50 1.50 1.50 134 182 74.31 98.78 11.60 0.0000
0.3100 11 1.50 1.50 1.50 140 190 75.54 99.91 11.60 0.0000
0.3200 11 1.50 1.50 1.50 146 197 77.95 97.12 11.60 0.0000
0.3300 11 1.50 1.50 1.50 152 204 77.28 96.47 11.60 0.0000
0.3400 11 1.50 1.50 1.50 157 212 73.23 95.57 11.60 0.0000
0.3500 11 1.50 1.50 1.50 163 219 75.93 92.12 11.59 0.0000
0.3600 11 1.50 1.50 1.50 169 226 77.79 95.73 11.59 0.0000
0.3700 11 1.50 1.50 1.50 175 233 73.70 94.89 11.60 0.0000
0.3800 11 1.50 1.50 1.50 180 241 74.10 98.96 11.60 0.0000
0.3900 11 1.50 1.50 1.50 186 248 75.50 94.06 11.60 0.0000
0.4000 11 1.50 1.50 1.50 192 255 78.72 94.86 11.59 0.0000
0.4100 11 1.50 1.50 1.50 198 262 79.96 91.76 11.61 0.0000
0.4200 11 1.50 1.50 1.50 204 269 74.55 91.72 11.60 0.0000
0.4300 11 1.50 1.50 1.50 210 276 74.74 93.89 11.59 0.0000
0.4400 11 1.50 1.50 1.50 216 283 79.07 88.70 11.60 0.0000
0.4500 11 1.50 1.50 1.50 221 290 76.06 93.80 11.59 0.0000
0.4600 11 1.50 1.50 1.50 227 298 75.52 96.00 11.58 0.0000
0.4700 11 1.50 1.50 1.50 233 305 75.84 97.48 11.60 0.0000
0.4800 11 1.50 1.50 1.50 239 312 77.97 92.67 11.59 0.0000
0.4900 11 1.50 1.50 1.50 245 320 78.83 94.68 11.59 0.0000
0.5000 11 1.50 1.50 1.50 251 326 76.89 92.77 11.60 0.0000
0.5100 11 1.50 1.50 1.50 257 333 75.69 91.19 11.60 0.0000
0.5200 12 3.00 3.00 3.00 263 341 80.03 94.91 11.59 0.0000
0.5300 12 3.00 3.00 3.00 270 350 86.80 109.84 11.60 0.0000
0.5400 12 3.00 3.00 3.00 280 363 121.37 161.98 11.53 0.0000
0.5500 12 3.00 3.00 3.00 292 379 151.50 202.17 11.55 0.0000
0.5600 12 3.00 3.00 3.00 305 395 173.25 222.32 11.56 0.0000
0.5700 12 3.00 3.00 3.00 319 414 187.04 236.29 11.57 0.0000
0.5800 12 3.00 3.00 3.00 335 433 202.02 250.07 11.57 0.0000
0.5900 12 3.00 3.00 3.00 351 452 212.01 252.55 11.57 0.0000
0.6000 12 3.00 3.00 3.00 368 472 217.38 257.26 11.57 0.0000
0.6100 12 3.00 3.00 3.00 385 492 221.27 263.18 11.56 0.0000
0.6200 12 3.00 3.00 3.00 402 512 226.54 262.26 11.57 0.0000
0.6300 12 3.00 3.00 3.00 420 532 230.14 266.55 11.58 0.0000
0.6400 12 3.00 3.00 3.00 438 553 233.26 265.79 11.58 0.0000
0.6500 12 3.00 3.00 3.00 456 573 235.54 269.86 11.57 0.0000
0.6600 12 3.00 3.00 3.00 474 594 236.49 269.39 11.58 0.0000
0.6700 12 3.00 3.00 3.00 492 615 238.40 270.43 11.58 0.0000
0.6800 12 3.00 3.00 3.00 510 635 239.97 273.67 11.57 0.0000
0.6900 12 3.00 3.00 3.00 528 656 238.09 272.82 11.58 0.0000
0.7000 12 3.00 3.00 3.00 547 677 240.74 274.26 11.58 0.0000
0.7100 12 3.00 3.00 3.00 565 698 242.20 272.77 11.58 0.0000
0.7200 12 3.00 3.00 3.00 584 719 244.49 274.82 11.58 0.0000
0.7300 12 3.00 3.00 3.00 603 740 245.99 273.60 11.58 0.0000
0.7400 12 3.00 3.00 3.00 622 761 245.42 274.88 11.58 0.0000
0.7500 12 3.00 3.00 3.00 640 782 247.20 277.93 11.57 0.0000
0.7600 12 3.00 3.00 3.00 659 803 244.18 274.99 11.58 0.0000
0.7700 12 3.00 3.00 3.00 678 824 244.44 276.55 11.58 0.0000
0.7800 12 3.00 3.00 3.00 697 845 247.65 275.58 11.58 0.0000
0.7900 12 3.00 3.00 3.00 716 867 247.34 278.48 11.58 0.0000
0.8000 12 3.00 3.00 3.00 734 888 247.25 276.61 11.57 0.0000
0.8100 12 3.00 3.00 3.00 753 909 246.87 279.81 11.57 0.0000
0.8200 12 3.00 3.00 3.00 772 930 246.93 275.44 11.58 0.0000
0.8300 12 3.00 3.00 3.00 791 951 249.50 275.35 11.58 0.0000
0.8400 12 3.00 3.00 3.00 810 972 248.34 278.13 11.58 0.0000
0.8500 12 3.00 3.00 3.00 829 994 249.85 276.75 11.58 0.0000
0.8600 12 3.00 3.00 3.00 849 1015 250.66 278.92 11.57 0.0000
0.8700 12 3.00 3.00 3.00 868 1036 250.26 277.12 11.57 0.0000
0.8800 12 3.00 3.00 3.00 887 1058 250.08 278.84 11.58 0.0000
0.8900 12 3.00 3.00 3.00 906 1079 246.75 276.45 11.58 0.0000
0.9000 12 3.00 3.00 3.00 925 1100 248.72 278.81 11.57 0.0000
0.9100 12 3.00 3.00 3.00 944 1121 250.87 277.18 11.58 0.0000
0.9200 12 3.00 3.00 3.00 963 1142 251.13 276.01 11.58 0.0000
0.9300 12 3.00 3.00 3.00 982 1163 253.18 278.05 11.58 0.0000
0.9400 12 3.00 3.00 3.00 1002 1184 251.66 277.19 11.57 0.0000
0.9500 12 3.00 3.00 3.00 1021 1206 252.34 279.59 11.57 0.0000
0.9600 12 3.00 3.00 3.00 1040 1227 250.69 278.78 11.58 0.0000
0.9700 12 3.00 3.00 3.00 1059 1249 247.40 280.92 11.57 0.0000
0.9800 12 3.00 3.00 3.00 1078 1270 252.09 279.43 11.58 0.0000
0.9900 12 3.00 3.00 3.00 1097 1291 251.99 278.05 11.57 0.0000
1.0000 12 3.00 3.00 3.00 1117 1312 252.90 278.94 11.57 0.0000
1.0100 12 3.00 3.00 3.00 1136 1334 251.05 277.70 11.57 0.0000
1.0200 12 3.00 3.00 3.00 1155 1355 248.47 279.66 11.58 0.0000
1.0300 100 6.00 6.00 6.00 1174 1376 252.82 278.76 11.58 0.0000
1.0400 100 6.00 6.00 6.00 1196 1400 280.92 308.92 11.57 0.0000
1.0500 100 6.00 6.00 6.00 1223 1431 352.44 386.49 11.36 0.0000
1.0600 100 6.00 6.00 6.00 1255 1466 409.44 455.48 11.44 0.0000
1.0700 100 6.00 6.00 6.00 1289 1504 446.72 504.51 11.44 0.0000
1.0800 100 6.00 6.00 6.00 1326 1546 480.13 540.65 11.48 0.0000
1.0900 100 6.00 6.00 6.00 1365 1589 505.68 562.08 11.48 0.0000
1.1000 100 6.00 6.00 6.00 1405 1633 519.77 582.23 11.51 0.0000
1.1100 100 6.00 6.00 6.00 1445 1679 530.23 597.43 11.50 0.0000
1.1200 100 6.00 6.00 6.00 1487 1725 543.26 604.35 11.51 0.0000
1.1300 100 6.00 6.00 6.00 1529 1772 555.06 610.89 11.51 0.0000
1.1400 100 6.00 6.00 6.00 1572 1819 562.80 618.96 11.50 0.0000
1.1500 100 6.00 6.00 6.00 1616 1867 569.38 626.68 11.52 0.0000
1.1600 100 6.00 6.00 6.00 1660 1915 574.76 630.64 11.52 0.0000
1.1700 100 6.00 6.00 6.00 1704 1964 579.49 632.71 11.52 0.0000
1.1800 100 6.00 6.00 6.00 1748 2012 583.62 636.51 11.52 0.0000
1.1900 100 6.00 6.00 6.00 1793 2061 587.86 640.77 11.52 0.0000
1.2000 100 6.00 6.00 6.00 1838 2110 589.92 639.91 11.53 0.0000
1.2100 100 6.00 6.00 6.00 1883 2159 588.14 640.62 11.51 0.0000
1.2200 100 6.00 6.00 6.00 1929 2208 591.68 645.75 11.53 0.0000
1.2300 100 6.00 6.00 6.00 1974 2258 595.47 650.35 11.53 0.0000
1.2400 100 6.00 6.00 6.00 2020 2307 597.34 646.43 11.53 0.0000
1.2500 100 6.00 6.00 6.00 2065 2357 598.18 646.50 11.53 0.0000
1.2600 100 6.00 6.00 6.00 2111 2406 595.36 648.58 11.53 0.0000
1.2700 100 6.00 6.00 6.00 2157 2456 599.27 651.18 11.52 0.0000
1.2800 100 6.00 6.00 6.00 2203 2506 601.80 652.00 11.52 0.0000
1.2900 100 6.00 6.00 6.00 2249 2556 602.76 650.22 11.52 0.0000
1.3000 100 6.00 6.00 6.00 2294 2605 598.99 652.13 11.52 0.0000
1.3100 100 6.00 6.00 6.00 2340 2655 598.21 653.66 11.53 0.0000
1.3200 100 6.00 6.00 6.00 2386 2705 602.28 653.53 11.53 0.0000
1.3300 100 6.00 6.00 6.00 2432 2755 604.11 652.23 11.53 0.0000
1.3400 100 6.00 6.00 6.00 2479 2805 603.93 654.00 11.53 0.0000
1.3500 100 6.00 6.00 6.00 2524 2855 601.42 655.51 11.54 0.0000
1.3600 100 6.00 6.00 6.00 2570 2905 602.53 655.69 11.53 0.0000
1.3700 100 6.00 6.00 6.00 2617 2955 605.00 648.88 11.53 0.0000
1.3800 100 6.00 6.00 6.00 2663 3005 605.77 658.61 11.52 0.0000
1.3900 100 6.00 6.00 6.00 2709 3055 597.96 649.77 11.53 0.0000
1.4000 100 6.00 6.00 6.00 2755 3104 601.75 650.45 11.53 0.0000
1.4100 100 6.00 6.00 6.00 2801 3154 604.83 653.12 11.53 0.0000
1.4200 100 6.00 6.00 6.00 2847 3204 605.63 656.68 11.52 0.0000
1.4300 100 6.00 6.00 6.00 2893 3254 601.50 655.08 11.53 0.0000
1.4400 100 6.00 6.00 6.00 2939 3304 600.14 649.33 11.53 0.0000
1.4500 100 6.00 6.00 6.00 2985 3354 604.01 652.72 11.53 0.0000
1.4600 100 6.00 6.00 6.00 3031 3404 604.71 657.39 11.52 0.0000
1.4700 100 6.00 6.00 6.00 3077 3454 604.01 657.26 11.53 0.0000
1.4800 100 6.00 6.00 6.00 3123 3504 602.40 650.68 11.53 0.0000
1.4900 100 6.00 6.00 6.00 3169 3554 603.17 653.51 11.53 0.0000
1.5000 100 6.00 6.00 6.00 3216 3604 603.95 658.01 11.53 0.0000
1.5100 100 6.00 6.00 6.00 3262 3654 602.57 654.85 11.53 0.0000
1.5200 100 6.00 6.00 6.00 3308 3704 602.02 652.43 11.52 0.0000
1.5300 100 6.00 6.00 6.00 3354 3754 602.66 653.77 11.53 0.0000
1.5400 2 0.00 0.00 0.00 3400 3804 603.75 655.43 11.53 0.0000
1.5500 2 0.00 0.00 0.00 3443 3850 563.28 611.30 11.53 0.0000
1.5600 2 0.00 0.00 0.00 3478 3889 473.97 512.05 11.57 0.0000
1.5700 2 0.00 0.00 0.00 3508 3921 391.60 419.58 11.57 0.0000
1.5800 2 0.00 0.00 0.00 3532 3947 323.91 343.25 11.57 0.0000
1.5900 2 0.00 0.00 0.00 3552 3967 264.84 272.00 11.59 0.0000
1.6000 2 0.00 0.00 0.00 3568 3984 219.62 222.21 11.57 0.0000
1.6100 2 0.00 0.00 0.00 3582 3997 179.47 176.93 11.56 0.0000
1.6200 2 0.00 0.00 0.00 3593 4007 148.22 138.43 11.57 0.0000
1.6300 2 0.00 0.00 0.00 3602 4015 126.16 110.51 11.57 -0.0000
1.6400 2 0.00 0.00 0.00 3610 4021 108.00 89.05 11.57 -0.0000
1.6500 2 0.00 0.00 0.00 3617 4026 91.72 68.85 11.58 ovf
1.6600 2 0.00 0.00 0.00 3622 4030 77.16 56.29 11.58 -0.0000
1.6700 2 0.00 0.00 0.00 3627 4033 64.77 43.38 11.57 0.0000
1.6800 2 0.00 0.00 0.00 3630 4035 53.30 36.73 11.57 -0.0000
1.6900 2 0.00 0.00 0.00 3633 4036 46.39 27.45 11.58 ovf
1.7000 2 0.00 0.00 0.00 3636 4037 35.20 20.43 11.58 ovf
1.7100 2 0.00 0.00 0.00 3637 4038 29.14 17.13 11.57 -0.0000
1.7200 2 0.00 0.00 0.00 3639 4039 25.08 15.48 11.58 0.0000
1.7300 2 0.00 0.00 0.00 3639 4040 17.25 14.84 11.58 ovf
1.7400 2 0.00 0.00 0.00 3639 4040 12.98 11.66 11.58 ovf
1.7500 2 0.00 0.00 0.00 3639 4040 10.40 9.54 11.58 ovf
1.7600 2 0.00 0.00 0.00 3639 4040 8.68 8.07 11.58 49069.7148
1.7700 2 0.00 0.00 0.00 3639 4040 7.44 6.99 11.58 -0.0000
1.7800 2 0.00 0.00 0.00 3638 4040 -7.13 6.17 11.58 ovf
1.7900 2 0.00 0.00 0.00 3638 4040 -5.80 5.52 11.58 -0.0000
1.8000 2 0.00 0.00 0.00 3638 4040 -5.22 4.99 11.58 ovf
1.8100 2 0.00 0.00 0.00 3638 4040 -4.74 4.56 11.58 ovf
1.8200 2 0.00 0.00 0.00 3638 4040 -4.35 4.19 11.58 ovf
1.8300 2 0.00 0.00 0.00 3638 4040 -4.02 3.88 11.57 -0.0000
1.8400 2 0.00 0.00 0.00 3638 4040 -3.73 3.61 11.58 -0.0000
% sent 185 log lines
