% Robot 3 Ida (PCB version 6.3, SVN version 47, battery 11.5 V)
% Basebot log for Ida
% Sample time 10000 us, Gear 9.60, Wheels 0.03 m, PPR 48
% maximum log samples 3225 each sized 124 bytes
% 1 time (sec)
% 2 state
% 3   Desired value
% 4-5 motor voltage (left,right) (V)
% 6-7 Encoder count (left, right)
% 8-9 motor vel (left, right) (rad/s)
% 10  Battery voltage (V)
% 11  Pose (x,y,theta) (m, m, rad)
% 12-13 motor current (left, right) (A)
0.0000 10 0.00 0.00 0.00 0 0 0.00 0.00 11.53 0.0443 -0.13 0.13
0.0100 10 0.00 0.00 0.00 0 0 0.00 0.00 11.53 -28314086.0000 -0.11 0.10
0.0200 10 0.00 0.00 0.00 0 0 0.00 0.00 11.53 0.0620 -0.13 0.13
0.0300 11 1.50 1.50 1.50 0 0 0.00 0.00 11.53 -0.0000 -0.12 0.13
0.0400 11 1.50 1.50 1.50 0 1 0.00 0.00 11.54 ovf 0.07 0.70
0.0500 11 1.50 1.50 1.50 0 4 0.00 12.93 11.51 -371.3384 0.04 0.40
0.0600 11 1.50 1.50 1.50 3 9 0.00 43.25 11.52 ovf -0.01 0.38
0.0700 11 1.50 1.50 1.50 7 15 33.76 73.15 11.53 ovf -0.03 0.38
0.0800 11 1.50 1.50 1.50 12 21 55.62 85.14 11.52 ovf -0.05 0.27
0.0900 11 1.50 1.50 1.50 17 28 64.71 93.33 11.52 -0.0000 -0.05 0.23
0.1000 11 1.50 1.50 1.50 22 36 70.56 98.56 11.53 -9.3057 -0.03 0.12
0.1100 11 1.50 1.50 1.50 28 44 73.33 98.67 11.52 ovf -0.06 0.17
0.1200 11 1.50 1.50 1.50 34 51 77.58 98.75 11.53 ovf -0.07 0.19
0.1300 11 1.50 1.50 1.50 40 59 80.92 99.05 11.53 -0.0000 -0.05 0.17
0.1400 11 1.50 1.50 1.50 46 66 79.33 97.79 11.52 ovf -0.05 0.23
0.1500 11 1.50 1.50 1.50 52 74 79.88 101.44 11.53 ovf -0.11 0.23
0.1600 11 1.50 1.50 1.50 58 82 79.75 102.10 11.53 ovf -0.09 0.21
0.1700 11 1.50 1.50 1.50 64 90 76.00 102.46 11.53 0.0000 -0.05 0.23
0.1800 11 1.50 1.50 1.50 70 97 76.27 99.60 11.53 ovf -0.10 0.22
0.1900 11 1.50 1.50 1.50 76 105 75.94 99.05 11.53 0.0238 -0.10 0.23
0.2000 11 1.50 1.50 1.50 81 112 74.81 96.22 11.53 -899434496.0000 -0.06 0.34
0.2100 11 1.50 1.50 1.50 87 120 77.36 101.38 11.53 0.0000 -0.12 0.25
0.2200 11 1.50 1.50 1.50 93 128 73.16 99.20 11.53 0.0000 -0.11 0.31
0.2300 11 1.50 1.50 1.50 98 135 71.44 103.29 11.53 0.0000 -0.06 0.19
0.2400 11 1.50 1.50 1.50 104 143 72.87 98.86 11.53 0.0000 -0.04 0.26
0.2500 11 1.50 1.50 1.50 110 151 74.42 99.32 11.53 0.0000 -0.04 0.17
0.2600 11 1.50 1.50 1.50 116 158 79.14 95.15 11.52 0.0000 -0.07 0.10
0.2700 11 1.50 1.50 1.50 122 165 80.09 94.39 11.52 0.0000 -0.10 0.19
0.2800 11 1.50 1.50 1.50 128 172 76.74 99.73 11.52 0.0000 -0.06 0.18
0.2900 11 1.50 1.50 1.50 134 180 78.96 100.23 11.52 0.0000 -0.05 0.11
0.3000 11 1.50 1.50 1.50 140 188 78.36 97.39 11.53 0.0000 -0.12 0.24
0.3100 11 1.50 1.50 1.50 145 195 73.94 99.40 11.52 0.0000 -0.06 0.12
0.3200 11 1.50 1.50 1.50 151 203 74.80 99.51 11.53 0.0000 -0.05 0.21
0.3300 11 1.50 1.50 1.50 157 211 75.88 98.16 11.53 0.0000 -0.06 0.22
0.3400 11 1.50 1.50 1.50 163 218 79.63 99.89 11.53 0.0000 -0.10 0.22
0.3500 11 1.50 1.50 1.50 169 226 81.13 96.88 11.53 0.0000 -0.08 0.20
0.3600 11 1.50 1.50 1.50 175 233 77.76 100.00 11.53 0.0000 -0.02 0.16
0.3700 11 1.50 1.50 1.50 181 240 79.17 94.22 11.53 0.0000 -0.12 0.33
0.3800 11 1.50 1.50 1.50 187 248 80.63 95.26 11.52 0.0000 -0.09 0.15
0.3900 11 1.50 1.50 1.50 193 255 76.12 93.24 11.52 0.0000 -0.07 0.31
0.4000 11 1.50 1.50 1.50 199 262 77.35 98.13 11.53 0.0000 -0.08 0.15
0.4100 11 1.50 1.50 1.50 205 269 77.62 97.31 11.53 0.0000 -0.05 0.15
0.4200 11 1.50 1.50 1.50 211 276 79.73 92.06 11.53 0.0000 -0.12 0.22
0.4300 11 1.50 1.50 1.50 217 284 81.17 94.41 11.53 0.0000 -0.10 0.22
0.4400 11 1.50 1.50 1.50 223 291 77.60 98.23 11.53 0.0000 -0.03 0.18
0.4500 11 1.50 1.50 1.50 229 299 79.12 97.12 11.53 0.0000 -0.08 0.12
0.4600 11 1.50 1.50 1.50 235 306 80.82 91.50 11.53 0.0000 -0.12 0.26
0.4700 11 1.50 1.50 1.50 241 313 76.62 94.10 11.53 0.0000 -0.05 0.16
0.4800 11 1.50 1.50 1.50 247 320 78.21 89.55 11.52 0.0000 -0.10 0.33
0.4900 11 1.50 1.50 1.50 253 327 78.88 93.22 11.53 0.0000 -0.06 0.26
0.5000 11 1.50 1.50 1.50 260 334 82.85 94.89 11.53 0.0000 -0.10 0.25
0.5100 11 1.50 1.50 1.50 266 342 83.54 98.37 11.53 0.0000 -0.08 0.09
0.5200 12 3.00 3.00 3.00 272 349 78.50 95.31 11.53 0.0000 -0.05 0.15
0.5300 12 3.00 3.00 3.00 280 358 91.30 106.01 11.52 0.0000 0.14 0.81
0.5400 12 3.00 3.00 3.00 290 370 126.23 159.22 11.48 0.0000 0.17 0.58
0.5500 12 3.00 3.00 3.00 302 386 157.32 197.81 11.49 0.0000 0.13 0.49
0.5600 12 3.00 3.00 3.00 316 402 179.29 217.38 11.49 0.0000 0.04 0.42
0.5700 12 3.00 3.00 3.00 331 420 200.30 234.85 11.50 0.0000 0.02 0.24
0.5800 12 3.00 3.00 3.00 347 439 210.03 243.71 11.50 0.0000 -0.02 0.30
0.5900 12 3.00 3.00 3.00 364 458 216.70 249.98 11.50 0.0000 -0.03 0.27
0.6000 12 3.00 3.00 3.00 381 478 224.58 253.59 11.49 0.0000 -0.03 0.24
0.6100 12 3.00 3.00 3.00 399 497 229.19 254.15 11.50 0.0000 -0.01 0.40
0.6200 12 3.00 3.00 3.00 417 517 235.27 261.33 11.50 0.0000 -0.03 0.19
0.6300 12 3.00 3.00 3.00 435 537 238.70 262.25 11.50 0.0000 -0.05 0.26
0.6400 12 3.00 3.00 3.00 453 557 238.81 265.12 11.50 0.0000 -0.07 0.19
0.6500 12 3.00 3.00 3.00 472 578 243.26 263.90 11.51 0.0000 -0.04 0.34
0.6600 12 3.00 3.00 3.00 490 598 244.16 263.80 11.51 0.0000 -0.04 0.22
0.6700 12 3.00 3.00 3.00 509 618 247.32 270.14 11.51 0.0000 -0.02 0.18
0.6800 12 3.00 3.00 3.00 528 639 249.29 269.45 11.51 0.0000 -0.05 0.27
0.6900 12 3.00 3.00 3.00 548 660 250.33 270.42 11.50 0.0000 -0.09 0.18
0.7000 12 3.00 3.00 3.00 567 680 252.04 268.40 11.51 0.0000 -0.01 0.25
0.7100 12 3.00 3.00 3.00 586 700 250.67 269.30 11.51 0.0000 -0.06 0.20
0.7200 12 3.00 3.00 3.00 605 721 252.46 271.14 11.51 0.0000 -0.06 0.31
0.7300 12 3.00 3.00 3.00 625 742 253.64 270.42 11.50 0.0000 -0.05 0.22
0.7400 12 3.00 3.00 3.00 644 763 251.13 273.47 11.51 0.0000 -0.08 0.18
0.7500 12 3.00 3.00 3.00 663 784 252.54 270.09 11.51 0.0000 -0.05 0.34
0.7600 12 3.00 3.00 3.00 682 804 252.54 273.83 11.51 0.0000 -0.01 0.17
0.7700 12 3.00 3.00 3.00 702 825 255.25 272.97 11.50 0.0000 -0.06 0.28
0.7800 12 3.00 3.00 3.00 722 846 256.81 273.80 11.51 0.0000 -0.07 0.20
0.7900 12 3.00 3.00 3.00 741 867 256.14 275.24 11.51 0.0000 -0.07 0.20
0.8000 12 3.00 3.00 3.00 761 888 257.87 273.84 11.50 0.0000 -0.07 0.27
0.8100 12 3.00 3.00 3.00 780 909 252.79 272.52 11.50 0.0000 -0.07 0.19
0.8200 12 3.00 3.00 3.00 800 930 253.46 271.53 11.50 0.0000 -0.03 0.30
0.8300 12 3.00 3.00 3.00 819 951 255.49 275.58 11.50 0.0000 -0.08 0.26
0.8400 12 3.00 3.00 3.00 839 972 256.68 274.40 11.50 0.0000 -0.09 0.22
0.8500 12 3.00 3.00 3.00 858 993 258.07 275.80 11.51 0.0000 -0.08 0.30
0.8600 12 3.00 3.00 3.00 878 1014 257.03 278.67 11.50 0.0000 -0.07 0.20
0.8700 12 3.00 3.00 3.00 898 1035 256.90 274.99 11.51 0.0000 -0.06 0.19
0.8800 12 3.00 3.00 3.00 917 1056 256.75 273.89 11.50 0.0000 -0.08 0.33
0.8900 12 3.00 3.00 3.00 937 1077 257.55 273.94 11.50 0.0000 -0.03 0.15
0.9000 12 3.00 3.00 3.00 957 1098 258.27 278.50 11.50 0.0000 -0.08 0.18
0.9100 12 3.00 3.00 3.00 976 1119 255.78 275.29 11.51 0.0000 -0.07 0.30
0.9200 12 3.00 3.00 3.00 996 1140 256.57 276.67 11.50 0.0000 -0.06 0.15
0.9300 12 3.00 3.00 3.00 1015 1162 256.88 275.84 11.51 0.0000 -0.06 0.24
0.9400 12 3.00 3.00 3.00 1035 1183 257.71 276.50 11.50 0.0000 -0.09 0.23
0.9500 12 3.00 3.00 3.00 1055 1204 258.66 279.04 11.51 0.0000 -0.01 0.14
0.9600 12 3.00 3.00 3.00 1075 1225 258.13 277.26 11.51 0.0000 -0.09 0.26
0.9700 12 3.00 3.00 3.00 1094 1247 259.91 278.97 11.51 0.0000 -0.03 0.24
0.9800 12 3.00 3.00 3.00 1114 1268 258.55 275.93 11.50 0.0000 -0.08 0.22
0.9900 12 3.00 3.00 3.00 1134 1289 259.15 277.41 11.51 0.0000 -0.07 0.28
1.0000 12 3.00 3.00 3.00 1154 1310 258.89 275.12 11.51 0.0000 -0.07 0.23
1.0100 12 3.00 3.00 3.00 1173 1331 255.07 277.25 11.50 0.0000 -0.05 0.20
1.0200 12 3.00 3.00 3.00 1193 1352 257.01 278.68 11.50 0.0000 -0.08 0.27
1.0300 100 6.00 6.00 6.00 1212 1373 255.97 278.46 11.51 0.0000 -0.06 0.16
1.0400 100 6.00 6.00 6.00 1235 1398 286.71 310.86 11.50 0.0000 0.44 1.23
1.0500 100 6.00 6.00 6.00 1263 1428 358.44 386.64 11.32 0.0000 0.49 0.96
1.0600 100 6.00 6.00 6.00 1295 1463 417.64 451.05 11.36 0.0000 0.22 1.00
1.0700 100 6.00 6.00 6.00 1330 1501 457.03 503.55 11.37 0.0000 0.08 0.61
1.0800 100 6.00 6.00 6.00 1367 1543 489.24 543.38 11.40 0.0000 0.12 0.55
1.0900 100 6.00 6.00 6.00 1406 1586 508.62 564.89 11.42 0.0000 0.08 0.54
1.1000 100 6.00 6.00 6.00 1447 1631 528.94 583.74 11.42 0.0000 0.18 0.40
1.1100 100 6.00 6.00 6.00 1488 1676 543.23 595.10 11.43 0.0000 0.15 0.30
1.1200 100 6.00 6.00 6.00 1531 1722 554.14 603.18 11.44 0.0000 -0.06 0.36
1.1300 100 6.00 6.00 6.00 1573 1769 561.79 613.05 11.44 0.0000 0.08 0.37
1.1400 100 6.00 6.00 6.00 1617 1816 570.43 619.49 11.44 0.0000 -0.04 0.38
1.1500 100 6.00 6.00 6.00 1661 1864 575.71 624.16 11.44 0.0000 -0.03 0.36
1.1600 100 6.00 6.00 6.00 1706 1912 582.80 627.66 11.45 0.0000 -0.02 0.37
1.1700 100 6.00 6.00 6.00 1751 1960 588.18 632.75 11.45 0.0000 -0.03 0.33
1.1800 100 6.00 6.00 6.00 1796 2009 592.17 637.15 11.45 0.0000 -0.08 0.35
1.1900 100 6.00 6.00 6.00 1841 2058 591.41 641.05 11.46 0.0000 -0.01 0.31
1.2000 100 6.00 6.00 6.00 1887 2107 596.23 639.70 11.45 0.0000 -0.02 0.27
1.2100 100 6.00 6.00 6.00 1932 2156 600.73 642.35 11.44 0.0000 -0.04 0.21
1.2200 100 6.00 6.00 6.00 1979 2206 604.68 648.20 11.46 0.0000 -0.05 0.23
1.2300 100 6.00 6.00 6.00 2025 2255 605.13 647.38 11.45 0.0000 0.03 0.32
1.2400 100 6.00 6.00 6.00 2071 2304 604.47 641.38 11.45 0.0000 -0.06 0.39
1.2500 100 6.00 6.00 6.00 2117 2354 606.45 650.65 11.45 0.0000 -0.08 0.35
1.2600 100 6.00 6.00 6.00 2164 2404 608.24 653.13 11.46 0.0000 -0.06 0.27
1.2700 100 6.00 6.00 6.00 2210 2453 610.04 646.06 11.45 0.0000 -0.08 0.25
1.2800 100 6.00 6.00 6.00 2257 2502 608.82 648.84 11.46 0.0000 -0.01 0.25
1.2900 100 6.00 6.00 6.00 2304 2552 609.86 653.09 11.47 0.0000 -0.04 0.31
1.3000 100 6.00 6.00 6.00 2350 2602 611.29 655.11 11.47 0.0000 -0.05 0.24
1.3100 100 6.00 6.00 6.00 2397 2652 612.40 651.33 11.46 0.0000 -0.08 0.22
1.3200 100 6.00 6.00 6.00 2444 2702 612.09 651.79 11.46 0.0000 -0.04 0.24
1.3300 100 6.00 6.00 6.00 2491 2752 612.82 653.13 11.45 0.0000 -0.13 0.34
1.3400 100 6.00 6.00 6.00 2537 2802 613.69 655.08 11.46 0.0000 -0.11 0.35
1.3500 100 6.00 6.00 6.00 2584 2852 614.48 656.18 11.46 0.0000 -0.04 0.26
1.3600 100 6.00 6.00 6.00 2631 2902 614.51 652.94 11.46 0.0000 -0.01 0.22
1.3700 100 6.00 6.00 6.00 2678 2952 614.67 655.21 11.46 0.0000 -0.08 0.31
1.3800 100 6.00 6.00 6.00 2725 3002 612.09 659.62 11.46 0.0000 -0.07 0.23
1.3900 100 6.00 6.00 6.00 2772 3052 611.58 654.51 11.46 0.0000 -0.08 0.21
1.4000 100 6.00 6.00 6.00 2819 3102 611.67 653.25 11.46 0.0000 0.04 0.23
1.4100 100 6.00 6.00 6.00 2865 3152 611.65 656.34 11.46 0.0000 -0.05 0.36
1.4200 100 6.00 6.00 6.00 2912 3203 612.00 660.78 11.46 0.0000 0.01 0.23
1.4300 100 6.00 6.00 6.00 2959 3253 612.79 654.74 11.45 0.0000 0.08 0.22
1.4400 100 6.00 6.00 6.00 3006 3303 612.96 654.19 11.46 0.0000 0.02 0.26
1.4500 100 6.00 6.00 6.00 3052 3353 611.88 660.45 11.45 0.0000 -0.05 0.26
1.4600 100 6.00 6.00 6.00 3099 3404 611.61 658.61 11.46 0.0000 0.01 0.24
1.4700 100 6.00 6.00 6.00 3146 3454 610.64 653.97 11.45 0.0000 -0.05 0.19
1.4800 100 6.00 6.00 6.00 3192 3504 610.56 655.85 11.46 0.0000 -0.04 0.33
1.4900 100 6.00 6.00 6.00 3239 3554 610.80 658.99 11.45 0.0000 -0.07 0.32
1.5000 100 6.00 6.00 6.00 3286 3604 611.44 660.04 11.45 0.0000 -0.07 0.27
1.5100 100 6.00 6.00 6.00 3333 3654 612.35 651.98 11.46 0.0000 -0.06 0.22
1.5200 100 6.00 6.00 6.00 3379 3704 613.00 654.39 11.46 0.0000 -0.09 0.31
1.5300 100 6.00 6.00 6.00 3426 3755 613.57 660.15 11.46 0.0000 -0.07 0.25
1.5400 2 0.00 0.00 0.00 3473 3805 614.16 655.03 11.46 0.0000 -0.05 0.21
1.5500 2 0.00 0.00 0.00 3517 3851 573.19 607.02 11.47 0.0000 -0.75 -0.90
1.5600 2 0.00 0.00 0.00 3553 3890 480.96 511.49 11.48 0.0000 -0.56 -0.67
1.5700 2 0.00 0.00 0.00 3583 3921 399.16 419.11 11.49 0.0000 -0.57 -0.68
1.5800 2 0.00 0.00 0.00 3608 3946 328.73 338.85 11.49 0.0000 -0.35 -0.52
1.5900 2 0.00 0.00 0.00 3628 3967 269.84 273.16 11.49 0.0000 -0.45 -0.47
1.6000 2 0.00 0.00 0.00 3644 3983 220.38 217.78 11.50 0.0000 -0.37 -0.33
1.6100 2 0.00 0.00 0.00 3658 3996 178.10 171.79 11.50 0.0000 -0.28 -0.28
1.6200 2 0.00 0.00 0.00 3668 4006 145.25 134.38 11.49 0.0000 -0.29 -0.17
1.6300 2 0.00 0.00 0.00 3677 4013 118.66 106.99 11.49 -0.0000 -0.23 -0.09
1.6400 2 0.00 0.00 0.00 3684 4019 95.57 84.25 11.50 -0.0000 -0.22 -0.00
1.6500 2 0.00 0.00 0.00 3689 4024 78.92 64.46 11.50 ovf -0.19 0.04
1.6600 2 0.00 0.00 0.00 3694 4027 62.78 52.29 11.50 -0.0000 -0.17 0.05
1.6700 2 0.00 0.00 0.00 3697 4029 52.24 40.03 11.50 0.0000 -0.13 0.05
1.6800 2 0.00 0.00 0.00 3700 4031 41.12 31.55 11.50 -0.0000 -0.15 0.09
1.6900 2 0.00 0.00 0.00 3702 4033 32.67 25.85 11.50 ovf -0.16 0.13
1.7000 2 0.00 0.00 0.00 3704 4033 27.20 17.94 11.50 ovf -0.12 0.12
1.7100 2 0.00 0.00 0.00 3704 4033 19.46 13.36 11.50 -0.0000 -0.13 0.14
1.7200 2 0.00 0.00 0.00 3705 4032 19.21 -13.19 11.50 0.0000 -0.13 0.17
1.7300 2 0.00 0.00 0.00 3704 4032 -15.73 -8.85 11.50 ovf -0.12 0.15
1.7400 2 0.00 0.00 0.00 3704 4031 -10.04 -7.76 11.50 ovf -0.12 0.13
1.7500 2 0.00 0.00 0.00 3704 4031 -8.43 -7.55 11.50 ovf -0.11 0.12
1.7600 2 0.00 0.00 0.00 3703 4031 -7.58 -6.60 11.50 49069.7148 -0.11 0.12
1.7700 2 0.00 0.00 0.00 3703 4031 -7.40 -5.86 11.50 -0.0000 -0.10 0.10
1.7800 2 0.00 0.00 0.00 3703 4031 -6.48 -5.27 11.50 ovf -0.13 0.13
1.7900 2 0.00 0.00 0.00 3703 4031 -5.77 -4.79 11.50 -0.0000 -0.12 0.13
1.8000 2 0.00 0.00 0.00 3703 4031 -5.20 -4.39 11.49 ovf -0.10 0.09
1.8100 2 0.00 0.00 0.00 3703 4031 -4.73 -4.05 11.50 ovf -0.14 0.14
1.8200 2 0.00 0.00 0.00 3703 4031 -4.34 -3.76 11.51 ovf -0.12 0.13
1.8300 2 0.00 0.00 0.00 3703 4031 -4.00 -3.51 11.50 -0.0000 -0.09 0.09
1.8400 2 0.00 0.00 0.00 3703 4031 -3.72 -3.29 11.50 -0.0000 -0.13 0.14
% sent 185 log lines
