% Robot 3 Ida (PCB version 6.3, SVN version 47, battery 11.6 V)
% gyroc
% UImu2::gyrooffset n=0, gx=2.04468 sumgx=inf
% UImu2::gyrooffset n=100, gx=1.89209 sumgx=1.84509
% UImu2::gyrooffset n=200, gx=1.98364 sumgx=1.83563
% eew% UImu2::gyrooffset n=300, gx=1.80054 sumgx=1.83329
% UImu2::gyrooffset n=400, gx=1.70898 sumgx=1.8309
% UImu2::gyrooffset n=500, gx=1.67847 sumgx=1.82837
% UImu2::gyrooffset n=600, gx=1.98364 sumgx=1.82866
% UImu2::gyrooffset n=700, gx=1.92261 sumgx=1.82739
% UImu2::gyrooffset n=800, gx=1.89209 sumgx=1.82827
% UImu2::gyrooffset n=900, gx=1.89209 sumgx=1.82817
% UImu2::gyrooffset n=1000, gx=1.77002 sumgx=1.8299
% UImu2::gyro offset: 1.8299 -1.80554 -1.02991
eew
% Saved 90 bytes (of 4284) to EE-prom D
% Basebot log for Ida
% Sample time 10000 us, Gear 9.60, Wheels 0.03 m, PPR 48
% maximum log samples 3225 each sized 124 bytes
% 1 time (sec)
% 2 state
% 3   Desired value
% 4-5 motor voltage (left,right) (V)
% 6-7 Encoder count (left, right)
% 8-9 motor vel (left, right) (rad/s)
% 10  Battery voltage (V)
% 11-14 pose (x,y,theta,distA) (m,m,rad,m)
0.0000 10 0.00 0.00 0.00 0 0 0.00 0.00 11.57 0.0443
0.0100 10 0.00 0.00 0.00 0 0 0.00 0.00 11.56 -28314086.0000
0.0200 10 0.00 0.00 0.00 0 0 0.00 0.00 11.57 0.0620
0.0300 11 1.50 1.50 1.50 0 0 0.00 0.00 11.56 -0.0000
0.0400 11 1.50 1.50 1.50 0 0 0.00 0.00 11.56 ovf
0.0500 11 1.50 1.50 1.50 1 2 0.00 0.00 11.54 -371.3384
0.0600 11 1.50 1.50 1.50 3 6 0.00 27.24 11.54 ovf
0.0700 11 1.50 1.50 1.50 6 11 23.93 66.36 11.56 ovf
0.0800 11 1.50 1.50 1.50 10 18 46.70 78.89 11.56 ovf
0.0900 11 1.50 1.50 1.50 15 25 55.36 88.52 11.56 -0.0000
0.1000 11 1.50 1.50 1.50 19 32 63.48 92.47 11.56 -9.3057
0.1100 11 1.50 1.50 1.50 25 39 67.39 97.77 11.56 ovf
0.1200 11 1.50 1.50 1.50 30 46 72.61 94.64 11.55 ovf
0.1300 11 1.50 1.50 1.50 36 54 73.22 94.71 11.56 -0.0000
0.1400 11 1.50 1.50 1.50 41 61 70.36 93.40 11.56 ovf
0.1500 11 1.50 1.50 1.50 47 69 70.79 99.11 11.56 ovf
0.1600 11 1.50 1.50 1.50 53 76 75.36 101.21 11.56 ovf
0.1700 11 1.50 1.50 1.50 58 84 74.74 99.07 11.56 0.0000
0.1800 11 1.50 1.50 1.50 64 91 71.71 95.88 11.56 ovf
0.1900 11 1.50 1.50 1.50 69 98 69.68 94.65 11.56 0.0238
0.2000 11 1.50 1.50 1.50 75 105 71.48 94.54 11.57 0.0000
0.2100 11 1.50 1.50 1.50 80 113 75.94 95.73 11.56 0.0000
0.2200 11 1.50 1.50 1.50 86 121 72.55 99.62 11.56 0.0000
0.2300 11 1.50 1.50 1.50 91 128 69.93 96.25 11.57 0.0000
0.2400 11 1.50 1.50 1.50 97 135 70.81 98.38 11.56 0.0000
0.2500 11 1.50 1.50 1.50 102 142 74.49 92.36 11.56 0.0000
0.2600 11 1.50 1.50 1.50 108 149 73.89 92.49 11.57 0.0000
0.2700 11 1.50 1.50 1.50 113 156 71.70 90.17 11.56 0.0000
0.2800 11 1.50 1.50 1.50 119 163 69.13 89.98 11.56 0.0000
0.2900 11 1.50 1.50 1.50 124 170 72.72 95.97 11.56 0.0000
0.3000 11 1.50 1.50 1.50 130 178 74.87 96.12 11.56 0.0000
0.3100 11 1.50 1.50 1.50 135 185 69.79 95.61 11.56 0.0000
0.3200 11 1.50 1.50 1.50 141 192 69.56 94.78 11.56 0.0000
0.3300 11 1.50 1.50 1.50 146 200 72.64 95.17 11.56 0.0000
0.3400 11 1.50 1.50 1.50 152 207 75.48 95.06 11.56 0.0000
0.3500 11 1.50 1.50 1.50 157 214 73.84 100.23 11.56 0.0000
0.3600 11 1.50 1.50 1.50 163 222 71.41 96.16 11.56 0.0000
0.3700 11 1.50 1.50 1.50 168 229 69.03 97.41 11.56 0.0000
0.3800 11 1.50 1.50 1.50 174 236 72.91 93.63 11.56 0.0000
0.3900 11 1.50 1.50 1.50 179 244 75.03 96.24 11.55 0.0000
0.4000 11 1.50 1.50 1.50 185 251 70.69 94.36 11.56 0.0000
0.4100 11 1.50 1.50 1.50 190 258 70.49 97.90 11.56 0.0000
0.4200 11 1.50 1.50 1.50 196 266 74.65 99.49 11.56 0.0000
0.4300 11 1.50 1.50 1.50 202 273 76.12 93.62 11.56 0.0000
0.4400 11 1.50 1.50 1.50 207 281 73.33 95.82 11.55 0.0000
0.4500 11 1.50 1.50 1.50 213 288 70.96 94.98 11.56 0.0000
0.4600 11 1.50 1.50 1.50 218 295 71.74 95.47 11.56 0.0000
0.4700 11 1.50 1.50 1.50 224 302 76.10 93.15 11.56 0.0000
0.4800 11 1.50 1.50 1.50 230 310 72.99 99.01 11.56 0.0000
0.4900 11 1.50 1.50 1.50 235 317 71.76 96.04 11.56 0.0000
0.5000 11 1.50 1.50 1.50 241 324 71.63 96.09 11.56 0.0000
0.5100 11 1.50 1.50 1.50 247 332 75.48 93.94 11.56 0.0000
0.5200 12 3.00 3.00 3.00 252 339 77.60 95.97 11.56 0.0000
0.5300 12 3.00 3.00 3.00 259 348 81.66 108.18 11.56 0.0000
0.5400 12 3.00 3.00 3.00 269 361 115.17 161.24 11.51 0.0000
0.5500 12 3.00 3.00 3.00 280 376 146.84 195.76 11.53 0.0000
0.5600 12 3.00 3.00 3.00 293 392 168.41 215.38 11.53 0.0000
0.5700 12 3.00 3.00 3.00 308 410 189.74 231.75 11.55 0.0000
0.5800 12 3.00 3.00 3.00 323 429 202.37 242.36 11.54 0.0000
0.5900 12 3.00 3.00 3.00 339 448 207.92 248.28 11.55 0.0000
0.6000 12 3.00 3.00 3.00 356 468 216.98 255.70 11.55 0.0000
0.6100 12 3.00 3.00 3.00 373 487 222.96 257.75 11.55 0.0000
0.6200 12 3.00 3.00 3.00 390 507 222.28 260.95 11.55 0.0000
0.6300 12 3.00 3.00 3.00 407 527 226.58 261.94 11.55 0.0000
0.6400 12 3.00 3.00 3.00 425 547 231.07 262.73 11.55 0.0000
0.6500 12 3.00 3.00 3.00 443 568 233.18 266.96 11.55 0.0000
0.6600 12 3.00 3.00 3.00 461 588 236.83 264.40 11.55 0.0000
0.6700 12 3.00 3.00 3.00 479 608 238.11 266.74 11.55 0.0000
0.6800 12 3.00 3.00 3.00 497 629 237.96 269.72 11.55 0.0000
0.6900 12 3.00 3.00 3.00 516 650 240.02 268.90 11.55 0.0000
0.7000 12 3.00 3.00 3.00 534 670 240.44 270.99 11.55 0.0000
0.7100 12 3.00 3.00 3.00 553 691 242.84 270.11 11.55 0.0000
0.7200 12 3.00 3.00 3.00 571 712 244.20 272.96 11.56 0.0000
0.7300 12 3.00 3.00 3.00 590 732 244.74 268.24 11.55 0.0000
0.7400 12 3.00 3.00 3.00 609 753 244.35 269.81 11.55 0.0000
0.7500 12 3.00 3.00 3.00 627 773 243.53 271.64 11.55 0.0000
0.7600 12 3.00 3.00 3.00 646 794 245.36 271.74 11.56 0.0000
0.7700 12 3.00 3.00 3.00 665 815 247.37 273.80 11.55 0.0000
0.7800 12 3.00 3.00 3.00 684 836 247.12 272.53 11.55 0.0000
0.7900 12 3.00 3.00 3.00 703 857 248.81 275.55 11.56 0.0000
0.8000 12 3.00 3.00 3.00 722 878 245.77 272.27 11.56 0.0000
0.8100 12 3.00 3.00 3.00 741 899 246.18 274.56 11.55 0.0000
0.8200 12 3.00 3.00 3.00 760 920 247.36 272.68 11.56 0.0000
0.8300 12 3.00 3.00 3.00 778 941 246.92 273.50 11.55 0.0000
0.8400 12 3.00 3.00 3.00 797 961 248.86 273.18 11.55 0.0000
0.8500 12 3.00 3.00 3.00 816 982 248.77 271.23 11.57 0.0000
0.8600 12 3.00 3.00 3.00 835 1003 249.17 274.29 11.55 0.0000
0.8700 12 3.00 3.00 3.00 854 1024 249.19 273.35 11.55 0.0000
0.8800 12 3.00 3.00 3.00 873 1045 248.03 276.71 11.55 0.0000
0.8900 12 3.00 3.00 3.00 892 1066 249.22 274.53 11.56 0.0000
0.9000 12 3.00 3.00 3.00 911 1087 249.54 274.74 11.56 0.0000
0.9100 12 3.00 3.00 3.00 931 1108 249.85 273.82 11.55 0.0000
0.9200 12 3.00 3.00 3.00 949 1129 248.58 272.28 11.56 0.0000
0.9300 12 3.00 3.00 3.00 968 1150 246.19 274.63 11.56 0.0000
0.9400 12 3.00 3.00 3.00 987 1170 249.88 273.49 11.56 0.0000
0.9500 12 3.00 3.00 3.00 1007 1192 251.13 275.94 11.55 0.0000
0.9600 12 3.00 3.00 3.00 1026 1213 251.25 274.18 11.56 0.0000
0.9700 12 3.00 3.00 3.00 1045 1234 251.36 276.66 11.56 0.0000
0.9800 12 3.00 3.00 3.00 1064 1255 250.44 275.77 11.55 0.0000
0.9900 12 3.00 3.00 3.00 1083 1276 250.31 276.16 11.56 0.0000
1.0000 12 3.00 3.00 3.00 1102 1297 248.55 277.76 11.56 0.0000
1.0100 12 3.00 3.00 3.00 1121 1318 249.61 276.16 11.56 0.0000
1.0200 12 3.00 3.00 3.00 1140 1339 251.09 275.20 11.56 0.0000
1.0300 100 6.00 6.00 6.00 1160 1360 250.50 274.26 11.56 0.0000
1.0400 100 6.00 6.00 6.00 1182 1384 282.02 307.15 11.56 0.0000
1.0500 100 6.00 6.00 6.00 1209 1414 351.66 380.62 11.38 0.0000
1.0600 100 6.00 6.00 6.00 1240 1448 405.97 450.52 11.41 0.0000
1.0700 100 6.00 6.00 6.00 1275 1487 451.30 501.94 11.43 0.0000
1.0800 100 6.00 6.00 6.00 1311 1528 475.99 535.42 11.46 0.0000
1.0900 100 6.00 6.00 6.00 1349 1571 498.30 562.66 11.48 0.0000
1.1000 100 6.00 6.00 6.00 1389 1615 517.36 570.78 11.49 0.0000
1.1100 100 6.00 6.00 6.00 1429 1660 528.19 593.14 11.48 0.0000
1.1200 100 6.00 6.00 6.00 1470 1706 538.35 603.81 11.50 0.0000
1.1300 100 6.00 6.00 6.00 1512 1753 546.17 605.19 11.50 0.0000
1.1400 100 6.00 6.00 6.00 1555 1799 555.57 612.73 11.50 0.0000
1.1500 100 6.00 6.00 6.00 1598 1847 562.51 620.76 11.50 0.0000
1.1600 100 6.00 6.00 6.00 1641 1894 569.56 627.42 11.50 0.0000
1.1700 100 6.00 6.00 6.00 1685 1942 576.57 628.60 11.52 0.0000
1.1800 100 6.00 6.00 6.00 1729 1991 578.90 630.27 11.51 0.0000
1.1900 100 6.00 6.00 6.00 1774 2039 580.43 634.41 11.51 0.0000
1.2000 100 6.00 6.00 6.00 1819 2088 586.84 638.08 11.51 0.0000
1.2100 100 6.00 6.00 6.00 1864 2137 590.71 639.68 11.51 0.0000
1.2200 100 6.00 6.00 6.00 1909 2186 591.51 640.30 11.51 0.0000
1.2300 100 6.00 6.00 6.00 1954 2235 586.11 642.74 11.51 0.0000
1.2400 100 6.00 6.00 6.00 1999 2284 592.11 644.63 11.51 0.0000
1.2500 100 6.00 6.00 6.00 2045 2333 595.50 643.40 11.52 0.0000
1.2600 100 6.00 6.00 6.00 2090 2383 597.26 645.17 11.51 0.0000
1.2700 100 6.00 6.00 6.00 2135 2432 591.02 647.23 11.51 0.0000
1.2800 100 6.00 6.00 6.00 2181 2482 594.87 649.77 11.50 0.0000
1.2900 100 6.00 6.00 6.00 2226 2531 599.06 649.22 11.52 0.0000
1.3000 100 6.00 6.00 6.00 2272 2581 601.21 646.66 11.51 0.0000
1.3100 100 6.00 6.00 6.00 2318 2630 597.22 648.19 11.52 0.0000
1.3200 100 6.00 6.00 6.00 2364 2680 595.53 650.86 11.51 0.0000
1.3300 100 6.00 6.00 6.00 2409 2730 599.80 652.38 11.52 0.0000
1.3400 100 6.00 6.00 6.00 2455 2779 602.57 647.73 11.53 0.0000
1.3500 100 6.00 6.00 6.00 2501 2829 602.44 650.74 11.52 0.0000
1.3600 100 6.00 6.00 6.00 2547 2879 595.58 654.03 11.51 0.0000
1.3700 100 6.00 6.00 6.00 2593 2929 598.93 648.96 11.51 0.0000
1.3800 100 6.00 6.00 6.00 2639 2978 601.74 649.55 11.51 0.0000
1.3900 100 6.00 6.00 6.00 2685 3028 603.10 650.77 11.52 0.0000
1.4000 100 6.00 6.00 6.00 2731 3078 600.95 651.84 11.52 0.0000
1.4100 100 6.00 6.00 6.00 2776 3127 596.78 650.84 11.51 0.0000
1.4200 100 6.00 6.00 6.00 2822 3177 601.27 650.46 11.51 0.0000
1.4300 100 6.00 6.00 6.00 2868 3227 603.75 651.92 11.51 0.0000
1.4400 100 6.00 6.00 6.00 2914 3277 603.10 652.93 11.52 0.0000
1.4500 100 6.00 6.00 6.00 2960 3327 595.73 652.64 11.53 0.0000
1.4600 100 6.00 6.00 6.00 3006 3376 600.29 650.79 11.51 0.0000
1.4700 100 6.00 6.00 6.00 3052 3426 602.81 653.59 11.51 0.0000
1.4800 100 6.00 6.00 6.00 3098 3476 604.02 654.95 11.52 0.0000
1.4900 100 6.00 6.00 6.00 3144 3526 597.43 650.72 11.52 0.0000
1.5000 100 6.00 6.00 6.00 3189 3576 600.21 650.16 11.51 0.0000
1.5100 100 6.00 6.00 6.00 3236 3626 603.59 654.61 11.51 0.0000
1.5200 100 6.00 6.00 6.00 3282 3676 604.83 655.37 11.52 0.0000
1.5300 100 6.00 6.00 6.00 3328 3725 599.12 648.12 11.52 0.0000
1.5400 2 0.00 0.00 0.00 3373 3775 599.58 651.91 11.51 0.0000
1.5500 2 0.00 0.00 0.00 3416 3821 563.51 611.94 11.50 0.0000
1.5600 2 0.00 0.00 0.00 3452 3860 471.95 507.75 11.54 0.0000
1.5700 2 0.00 0.00 0.00 3481 3891 389.75 418.95 11.54 0.0000
1.5800 2 0.00 0.00 0.00 3505 3917 319.91 339.60 11.54 0.0000
1.5900 2 0.00 0.00 0.00 3525 3938 261.36 274.88 11.54 0.0000
1.6000 2 0.00 0.00 0.00 3541 3954 213.60 217.71 11.55 0.0000
1.6100 2 0.00 0.00 0.00 3554 3966 173.06 173.75 11.54 0.0000
1.6200 2 0.00 0.00 0.00 3564 3977 142.77 140.21 11.54 0.0000
1.6300 2 0.00 0.00 0.00 3573 3985 118.46 109.42 11.56 -0.0000
1.6400 2 0.00 0.00 0.00 3580 3991 99.09 84.84 11.55 -0.0000
1.6500 2 0.00 0.00 0.00 3586 3995 85.43 68.56 11.55 ovf
1.6600 2 0.00 0.00 0.00 3591 3999 70.66 54.53 11.55 -0.0000
1.6700 2 0.00 0.00 0.00 3595 4002 60.28 43.22 11.54 0.0000
1.6800 2 0.00 0.00 0.00 3599 4004 48.55 29.67 11.55 -0.0000
1.6900 2 0.00 0.00 0.00 3601 4006 41.74 26.34 11.55 ovf
1.7000 2 0.00 0.00 0.00 3603 4006 34.59 21.31 11.55 ovf
1.7100 2 0.00 0.00 0.00 3605 4007 26.42 19.44 11.56 -0.0000
1.7200 2 0.00 0.00 0.00 3606 4006 22.07 -15.97 11.55 0.0000
1.7300 2 0.00 0.00 0.00 3607 4006 18.66 -10.41 11.55 ovf
1.7400 2 0.00 0.00 0.00 3607 4005 13.61 -8.95 11.55 ovf
1.7500 2 0.00 0.00 0.00 3607 4005 10.80 -8.69 11.55 ovf
1.7600 2 0.00 0.00 0.00 3607 4005 8.95 -7.45 11.55 49069.7148
1.7700 2 0.00 0.00 0.00 3607 4005 7.65 -6.52 11.56 -0.0000
1.7800 2 0.00 0.00 0.00 3607 4005 6.67 -5.80 11.55 ovf
1.7900 2 0.00 0.00 0.00 3607 4005 5.92 -5.22 11.55 -0.0000
1.8000 2 0.00 0.00 0.00 3607 4005 5.32 -4.75 11.56 ovf
1.8100 2 0.00 0.00 0.00 3607 4005 4.83 -4.35 11.56 ovf
1.8200 2 0.00 0.00 0.00 3607 4005 4.42 -4.02 11.56 ovf
1.8300 2 0.00 0.00 0.00 3607 4005 4.08 -3.73 11.56 -0.0000
1.8400 2 0.00 0.00 0.00 3607 4005 3.78 -3.48 11.56 -0.0000
% sent 185 log lines
