% Robot 3 Ida (PCB version 6.3, SVN version 47, battery 11.5 V)
% Basebot log for Ida
% Sample time 10000 us, Gear 9.60, Wheels 0.03 m, PPR 48
% maximum log samples 3225 each sized 124 bytes
% 1 time (sec)
% 2 state
% 3   Desired value
% 4-5 motor voltage (left,right) (V)
% 6-7 Encoder count (left, right)
% 8-9 motor vel (left, right) (rad/s)
% 10  Battery voltage (V)
% 11-14 pose (x,y,theta,distA) (m,m,rad,m)
0.0000 10 0.00 0.00 0.00 0 0 0.00 0.00 11.53 0.0443
0.0100 10 0.00 0.00 0.00 0 0 0.00 0.00 11.53 -28314086.0000
0.0200 10 0.00 0.00 0.00 0 0 0.00 0.00 11.53 0.0620
0.0300 11 1.50 1.50 1.50 0 0 0.00 0.00 11.54 -0.0000
0.0400 11 1.50 1.50 1.50 0 0 0.00 0.00 11.53 ovf
0.0500 11 1.50 1.50 1.50 1 2 0.00 0.00 11.50 -371.3384
0.0600 11 1.50 1.50 1.50 4 7 0.00 33.18 11.51 ovf
0.0700 11 1.50 1.50 1.50 8 14 48.44 81.72 11.51 ovf
0.0800 11 1.50 1.50 1.50 13 21 57.82 91.32 11.52 ovf
0.0900 11 1.50 1.50 1.50 18 28 65.64 98.60 11.53 -0.0000
0.1000 11 1.50 1.50 1.50 24 36 75.96 97.88 11.52 -9.3057
0.1100 11 1.50 1.50 1.50 30 43 79.98 102.05 11.51 ovf
0.1200 11 1.50 1.50 1.50 37 51 83.67 99.23 11.53 ovf
0.1300 11 1.50 1.50 1.50 43 58 84.02 96.84 11.53 -0.0000
0.1400 11 1.50 1.50 1.50 50 66 86.01 101.37 11.52 ovf
0.1500 11 1.50 1.50 1.50 56 74 84.80 101.93 11.53 ovf
0.1600 11 1.50 1.50 1.50 62 82 81.99 101.28 11.55 ovf
0.1700 11 1.50 1.50 1.50 69 89 83.31 97.49 11.52 0.0000
0.1800 11 1.50 1.50 1.50 75 96 86.29 97.07 11.53 ovf
0.1900 11 1.50 1.50 1.50 82 103 86.47 92.22 11.53 0.0238
0.2000 11 1.50 1.50 1.50 88 111 83.40 95.39 11.52 0.0000
0.2100 11 1.50 1.50 1.50 94 118 80.01 95.41 11.52 0.0000
0.2200 11 1.50 1.50 1.50 101 126 84.36 97.69 11.52 0.0000
0.2300 11 1.50 1.50 1.50 107 133 81.30 98.69 11.52 0.0000
0.2400 11 1.50 1.50 1.50 113 141 81.24 100.04 11.52 0.0000
0.2500 11 1.50 1.50 1.50 120 148 83.41 95.83 11.53 0.0000
0.2600 11 1.50 1.50 1.50 126 155 87.09 94.73 11.52 0.0000
0.2700 11 1.50 1.50 1.50 133 162 85.62 96.40 11.52 0.0000
0.2800 11 1.50 1.50 1.50 139 170 81.10 98.13 11.53 0.0000
0.2900 11 1.50 1.50 1.50 146 178 83.78 98.60 11.52 0.0000
0.3000 11 1.50 1.50 1.50 152 185 84.87 98.15 11.52 0.0000
0.3100 11 1.50 1.50 1.50 158 193 81.63 99.38 11.53 0.0000
0.3200 11 1.50 1.50 1.50 164 200 82.30 94.71 11.53 0.0000
0.3300 11 1.50 1.50 1.50 171 207 85.16 96.30 11.53 0.0000
0.3400 11 1.50 1.50 1.50 178 214 85.83 91.35 11.53 0.0000
0.3500 11 1.50 1.50 1.50 184 221 82.76 94.45 11.52 0.0000
0.3600 11 1.50 1.50 1.50 190 229 81.69 96.30 11.52 0.0000
0.3700 11 1.50 1.50 1.50 197 237 86.00 101.10 11.52 0.0000
0.3800 11 1.50 1.50 1.50 203 244 82.46 95.61 11.53 0.0000
0.3900 11 1.50 1.50 1.50 209 251 82.10 94.32 11.52 0.0000
0.4000 11 1.50 1.50 1.50 216 258 84.03 95.76 11.52 0.0000
0.4100 11 1.50 1.50 1.50 222 265 87.33 91.04 11.52 0.0000
0.4200 11 1.50 1.50 1.50 229 273 86.54 95.49 11.52 0.0000
0.4300 11 1.50 1.50 1.50 235 280 82.66 98.31 11.53 0.0000
0.4400 11 1.50 1.50 1.50 242 288 84.35 100.41 11.52 0.0000
0.4500 11 1.50 1.50 1.50 248 295 84.09 94.58 11.53 0.0000
0.4600 11 1.50 1.50 1.50 254 302 80.77 95.69 11.52 0.0000
0.4700 11 1.50 1.50 1.50 261 309 82.26 92.48 11.52 0.0000
0.4800 11 1.50 1.50 1.50 267 317 85.70 92.73 11.51 0.0000
0.4900 11 1.50 1.50 1.50 274 324 87.68 95.15 11.53 0.0000
0.5000 11 1.50 1.50 1.50 280 332 84.66 100.10 11.52 0.0000
0.5100 11 1.50 1.50 1.50 287 339 83.45 97.63 11.53 0.0000
0.5200 12 3.00 3.00 3.00 293 346 87.42 94.38 11.53 0.0000
0.5300 12 3.00 3.00 3.00 301 355 92.53 109.06 11.52 0.0000
0.5400 12 3.00 3.00 3.00 311 368 125.32 161.37 11.47 0.0000
0.5500 12 3.00 3.00 3.00 324 384 160.18 198.26 11.48 0.0000
0.5600 12 3.00 3.00 3.00 338 401 183.16 223.18 11.49 0.0000
0.5700 12 3.00 3.00 3.00 353 419 199.58 237.43 11.49 0.0000
0.5800 12 3.00 3.00 3.00 370 438 215.10 245.64 11.50 0.0000
0.5900 12 3.00 3.00 3.00 387 458 225.33 255.95 11.50 0.0000
0.6000 12 3.00 3.00 3.00 405 477 228.71 258.15 11.50 0.0000
0.6100 12 3.00 3.00 3.00 422 497 233.40 261.87 11.49 0.0000
0.6200 12 3.00 3.00 3.00 441 517 238.41 263.73 11.52 0.0000
0.6300 12 3.00 3.00 3.00 459 538 241.53 264.51 11.50 0.0000
0.6400 12 3.00 3.00 3.00 478 558 244.56 269.67 11.50 0.0000
0.6500 12 3.00 3.00 3.00 497 579 246.18 271.02 11.50 0.0000
0.6600 12 3.00 3.00 3.00 516 600 249.07 273.41 11.49 0.0000
0.6700 12 3.00 3.00 3.00 535 621 250.48 273.64 11.50 0.0000
0.6800 12 3.00 3.00 3.00 554 642 251.20 272.64 11.50 0.0000
0.6900 12 3.00 3.00 3.00 573 662 253.29 274.99 11.50 0.0000
0.7000 12 3.00 3.00 3.00 593 684 254.58 274.46 11.49 0.0000
0.7100 12 3.00 3.00 3.00 612 705 256.25 277.95 11.51 0.0000
0.7200 12 3.00 3.00 3.00 632 726 257.67 272.79 11.50 0.0000
0.7300 12 3.00 3.00 3.00 652 747 257.45 277.11 11.50 0.0000
0.7400 12 3.00 3.00 3.00 672 768 258.76 275.63 11.50 0.0000
0.7500 12 3.00 3.00 3.00 691 789 256.38 277.15 11.51 0.0000
0.7600 12 3.00 3.00 3.00 711 810 257.42 280.14 11.50 0.0000
0.7700 12 3.00 3.00 3.00 731 832 258.80 278.59 11.51 0.0000
0.7800 12 3.00 3.00 3.00 750 853 259.17 280.52 11.50 0.0000
0.7900 12 3.00 3.00 3.00 770 874 261.31 277.07 11.50 0.0000
0.8000 12 3.00 3.00 3.00 790 896 260.45 278.59 11.50 0.0000
0.8100 12 3.00 3.00 3.00 810 917 261.16 277.34 11.50 0.0000
0.8200 12 3.00 3.00 3.00 830 938 262.03 280.18 11.50 0.0000
0.8300 12 3.00 3.00 3.00 850 960 261.17 279.09 11.50 0.0000
0.8400 12 3.00 3.00 3.00 870 981 261.01 279.34 11.50 0.0000
0.8500 12 3.00 3.00 3.00 890 1002 258.32 281.74 11.50 0.0000
0.8600 12 3.00 3.00 3.00 910 1024 259.87 279.84 11.50 0.0000
0.8700 12 3.00 3.00 3.00 930 1045 260.58 281.65 11.49 0.0000
0.8800 12 3.00 3.00 3.00 950 1066 261.90 279.32 11.50 0.0000
0.8900 12 3.00 3.00 3.00 970 1088 262.63 280.84 11.50 0.0000
0.9000 12 3.00 3.00 3.00 990 1109 262.38 277.77 11.50 0.0000
0.9100 12 3.00 3.00 3.00 1010 1131 264.18 280.34 11.50 0.0000
0.9200 12 3.00 3.00 3.00 1030 1152 262.40 278.75 11.50 0.0000
0.9300 12 3.00 3.00 3.00 1050 1173 259.96 279.81 11.50 0.0000
0.9400 12 3.00 3.00 3.00 1070 1195 259.17 282.69 11.50 0.0000
0.9500 12 3.00 3.00 3.00 1090 1217 260.40 281.23 11.50 0.0000
0.9600 12 3.00 3.00 3.00 1110 1238 262.98 282.84 11.50 0.0000
0.9700 12 3.00 3.00 3.00 1130 1259 261.67 277.49 11.50 0.0000
0.9800 12 3.00 3.00 3.00 1150 1281 261.74 279.91 11.51 0.0000
0.9900 12 3.00 3.00 3.00 1170 1302 261.36 278.96 11.50 0.0000
1.0000 12 3.00 3.00 3.00 1190 1324 261.98 283.23 11.50 0.0000
1.0100 12 3.00 3.00 3.00 1210 1345 262.51 280.62 11.50 0.0000
1.0200 12 3.00 3.00 3.00 1229 1366 258.52 280.62 11.49 0.0000
1.0300 100 6.00 6.00 6.00 1249 1388 260.16 282.57 11.50 0.0000
1.0400 100 6.00 6.00 6.00 1272 1412 289.96 311.74 11.50 0.0000
1.0500 100 6.00 6.00 6.00 1300 1442 363.68 388.47 11.32 0.0000
1.0600 100 6.00 6.00 6.00 1332 1478 415.14 455.97 11.37 0.0000
1.0700 100 6.00 6.00 6.00 1367 1517 455.23 508.88 11.37 0.0000
1.0800 100 6.00 6.00 6.00 1404 1558 487.27 542.15 11.40 0.0000
1.0900 100 6.00 6.00 6.00 1444 1602 513.97 569.34 11.42 0.0000
1.1000 100 6.00 6.00 6.00 1484 1646 525.94 586.04 11.43 0.0000
1.1100 100 6.00 6.00 6.00 1525 1692 541.15 594.51 11.43 0.0000
1.1200 100 6.00 6.00 6.00 1567 1738 552.62 605.71 11.44 0.0000
1.1300 100 6.00 6.00 6.00 1611 1785 564.00 616.49 11.44 0.0000
1.1400 100 6.00 6.00 6.00 1654 1833 571.77 625.86 11.44 0.0000
1.1500 100 6.00 6.00 6.00 1698 1881 576.91 629.86 11.44 0.0000
1.1600 100 6.00 6.00 6.00 1743 1930 582.66 632.50 11.45 0.0000
1.1700 100 6.00 6.00 6.00 1788 1978 588.48 637.75 11.45 0.0000
1.1800 100 6.00 6.00 6.00 1833 2028 594.00 642.33 11.45 0.0000
1.1900 100 6.00 6.00 6.00 1879 2077 598.40 645.73 11.45 0.0000
1.2000 100 6.00 6.00 6.00 1925 2126 601.79 645.50 11.46 0.0000
1.2100 100 6.00 6.00 6.00 1971 2176 600.36 647.91 11.45 0.0000
1.2200 100 6.00 6.00 6.00 2017 2226 603.32 651.87 11.45 0.0000
1.2300 100 6.00 6.00 6.00 2063 2275 607.24 654.75 11.46 0.0000
1.2400 100 6.00 6.00 6.00 2110 2325 608.92 652.28 11.45 0.0000
1.2500 100 6.00 6.00 6.00 2156 2375 607.72 654.15 11.45 0.0000
1.2600 100 6.00 6.00 6.00 2203 2426 608.13 661.31 11.44 0.0000
1.2700 100 6.00 6.00 6.00 2249 2476 610.32 656.56 11.45 0.0000
1.2800 100 6.00 6.00 6.00 2296 2526 612.06 654.67 11.46 0.0000
1.2900 100 6.00 6.00 6.00 2343 2576 613.37 657.50 11.46 0.0000
1.3000 100 6.00 6.00 6.00 2390 2627 614.23 659.94 11.45 0.0000
1.3100 100 6.00 6.00 6.00 2437 2677 614.70 658.95 11.46 0.0000
1.3200 100 6.00 6.00 6.00 2484 2727 613.58 656.50 11.46 0.0000
1.3300 100 6.00 6.00 6.00 2530 2778 611.21 658.80 11.45 0.0000
1.3400 100 6.00 6.00 6.00 2577 2828 611.12 662.80 11.45 0.0000
1.3500 100 6.00 6.00 6.00 2624 2878 611.50 658.80 11.46 0.0000
1.3600 100 6.00 6.00 6.00 2671 2929 611.98 658.50 11.45 0.0000
1.3700 100 6.00 6.00 6.00 2717 2979 611.42 659.98 11.46 0.0000
1.3800 100 6.00 6.00 6.00 2764 3030 610.99 660.76 11.46 0.0000
1.3900 100 6.00 6.00 6.00 2810 3080 609.14 659.23 11.45 0.0000
1.4000 100 6.00 6.00 6.00 2857 3130 607.90 657.19 11.45 0.0000
1.4100 100 6.00 6.00 6.00 2903 3181 608.78 664.17 11.45 0.0000
1.4200 100 6.00 6.00 6.00 2950 3231 609.68 659.45 11.46 0.0000
1.4300 100 6.00 6.00 6.00 2997 3282 611.85 657.19 11.45 0.0000
1.4400 100 6.00 6.00 6.00 3044 3332 612.94 659.57 11.46 0.0000
1.4500 100 6.00 6.00 6.00 3090 3383 612.26 663.51 11.46 0.0000
1.4600 100 6.00 6.00 6.00 3137 3433 608.15 661.47 11.45 0.0000
1.4700 100 6.00 6.00 6.00 3183 3484 608.61 658.95 11.45 0.0000
1.4800 100 6.00 6.00 6.00 3230 3534 609.75 659.20 11.46 0.0000
1.4900 100 6.00 6.00 6.00 3277 3585 610.77 663.96 11.45 0.0000
1.5000 100 6.00 6.00 6.00 3323 3635 610.93 660.45 11.45 0.0000
1.5100 100 6.00 6.00 6.00 3370 3685 611.47 658.35 11.46 0.0000
1.5200 100 6.00 6.00 6.00 3417 3736 611.38 661.43 11.46 0.0000
1.5300 100 6.00 6.00 6.00 3463 3787 611.08 665.65 11.44 0.0000
1.5400 2 0.00 0.00 0.00 3510 3837 606.71 660.18 11.45 0.0000
1.5500 2 0.00 0.00 0.00 3553 3884 569.20 613.83 11.44 0.0000
1.5600 2 0.00 0.00 0.00 3589 3923 480.99 515.56 11.49 0.0000
1.5700 2 0.00 0.00 0.00 3619 3954 396.41 423.56 11.49 0.0000
1.5800 2 0.00 0.00 0.00 3644 3981 326.55 344.25 11.50 0.0000
1.5900 2 0.00 0.00 0.00 3664 4001 267.75 276.47 11.49 0.0000
1.6000 2 0.00 0.00 0.00 3680 4018 220.33 222.25 11.50 0.0000
1.6100 2 0.00 0.00 0.00 3694 4031 182.27 176.34 11.49 0.0000
1.6200 2 0.00 0.00 0.00 3705 4041 151.73 138.88 11.49 0.0000
1.6300 2 0.00 0.00 0.00 3714 4049 127.53 110.84 11.50 -0.0000
1.6400 2 0.00 0.00 0.00 3722 4055 109.22 84.42 11.50 -0.0000
1.6500 2 0.00 0.00 0.00 3729 4060 91.09 70.10 11.49 ovf
1.6600 2 0.00 0.00 0.00 3734 4063 76.87 53.56 11.50 -0.0000
1.6700 2 0.00 0.00 0.00 3739 4066 63.96 44.55 11.50 0.0000
1.6800 2 0.00 0.00 0.00 3743 4068 53.15 31.20 11.50 -0.0000
1.6900 2 0.00 0.00 0.00 3746 4070 44.37 25.82 11.50 ovf
1.7000 2 0.00 0.00 0.00 3748 4071 40.29 21.02 11.50 ovf
1.7100 2 0.00 0.00 0.00 3750 4071 34.67 16.32 11.50 -0.0000
1.7200 2 0.00 0.00 0.00 3752 4070 26.58 -14.73 11.50 0.0000
1.7300 2 0.00 0.00 0.00 3753 4070 20.63 -10.05 11.50 ovf
1.7400 2 0.00 0.00 0.00 3754 4070 18.21 -8.43 11.50 ovf
1.7500 2 0.00 0.00 0.00 3755 4069 15.77 -8.33 11.50 ovf
1.7600 2 0.00 0.00 0.00 3755 4069 12.37 -7.36 11.50 49069.7148
1.7700 2 0.00 0.00 0.00 3755 4069 10.01 -6.45 11.50 -0.0000
1.7800 2 0.00 0.00 0.00 3755 4069 8.40 -5.74 11.50 ovf
1.7900 2 0.00 0.00 0.00 3755 4069 7.24 -5.18 11.50 -0.0000
1.8000 2 0.00 0.00 0.00 3755 4069 6.36 -4.71 11.50 ovf
1.8100 2 0.00 0.00 0.00 3755 4069 5.67 -4.32 11.51 ovf
1.8200 2 0.00 0.00 0.00 3755 4069 5.12 -3.99 11.50 ovf
1.8300 2 0.00 0.00 0.00 3755 4069 4.66 -3.71 11.50 -0.0000
1.8400 2 0.00 0.00 0.00 3755 4069 4.28 -3.46 11.51 -0.0000
% sent 185 log lines
